// Jest Snapshot v1, https://goo.gl/fbAQLP

exports[`testando o componente de cadastrar conta 1`] = `
<View
  style={
    {
      "alignItems": "center",
      "backgroundColor": "#413C45",
      "height": "100%",
      "margin": "auto",
    }
  }
>
  <View>
    <Text
      style={
        {
          "color": "#F2F0F4",
          "fontSize": 55,
          "fontWeight": "800",
          "marginTop": 100,
          "textAlign": "center",
        }
      }
    >
      Spy Cam
    </Text>
  </View>
  <Image
    source={
      {
        "testUri": "../../../assets/iconReconhecimento.png",
      }
    }
    style={
      {
        "height": 70,
        "marginBottom": 62,
        "marginTop": 48,
        "width": 70,
      }
    }
  />
  <View
    style={
      {
        "alignItems": "center",
        "backgroundColor": "#F2F0F4",
        "borderRadius": 10,
        "display": "flex",
        "height": "40%",
        "padding": 15,
        "position": "relative",
        "width": "90%",
      }
    }
  >
    <Text
      style={
        {
          "color": "#413C45",
          "fontSize": 20,
          "fontWeight": "500",
          "marginBottom": 20,
          "marginTop": 10,
        }
      }
    >
      Fa√ßa seu cadastro
    </Text>
    <View
      style={
        {
          "flexDirection": "row",
          "marginBottom": -12,
          "marginTop": 5,
        }
      }
    >
      <Image
        source={
          {
            "testUri": "../../../assets/iconNome.png",
          }
        }
        style={
          {
            "left": 2,
            "position": "relative",
            "top": 5,
          }
        }
      />
      <TextInput
        keyboardType="default"
        placeholder="Nome"
        style={
          {
            "marginLeft": 8,
            "position": "relative",
            "width": 150,
          }
        }
      />
    </View>
    <View>
      <Text>
        ____________________________
      </Text>
    </View>
    <View
      style={
        {
          "flexDirection": "row",
          "marginBottom": -12,
          "marginTop": 5,
        }
      }
    >
      <Image
        source={
          {
            "testUri": "../../../assets/iconEnail.png",
          }
        }
        style={
          {
            "left": 2,
            "position": "relative",
            "top": 5,
          }
        }
      />
      <TextInput
        keyboardType="email-address"
        placeholder="Email"
        style={
          {
            "marginLeft": 8,
            "position": "relative",
            "width": 150,
          }
        }
      />
    </View>
    <View>
      <Text>
        ____________________________
      </Text>
    </View>
    <View
      style={
        {
          "flexDirection": "row",
          "marginBottom": -12,
          "marginTop": 5,
        }
      }
    >
      <Image
        source={
          {
            "testUri": "../../../assets/iconPassword.png",
          }
        }
        style={
          {
            "left": 2,
            "position": "relative",
            "top": 5,
          }
        }
      />
      <TextInput
        keyboardType="default"
        placeholder="Senha"
        style={
          {
            "marginLeft": 8,
            "position": "relative",
            "width": 150,
          }
        }
      />
    </View>
    <View>
      <Text>
        ____________________________
      </Text>
    </View>
    <View
      style={
        {
          "flexDirection": "row",
          "marginBottom": -12,
          "marginTop": 5,
        }
      }
    >
      <Image
        source={
          {
            "testUri": "../../../assets/iconPassword.png",
          }
        }
        style={
          {
            "left": 2,
            "position": "relative",
            "top": 5,
          }
        }
      />
      <TextInput
        keyboardType="default"
        placeholder=" Confirme sua senha"
        style={
          {
            "marginLeft": 8,
            "position": "relative",
            "width": 150,
          }
        }
      />
    </View>
    <View>
      <Text>
        ____________________________
      </Text>
    </View>
    <View
      accessibilityState={
        {
          "busy": undefined,
          "checked": undefined,
          "disabled": undefined,
          "expanded": undefined,
          "selected": undefined,
        }
      }
      accessibilityValue={
        {
          "max": undefined,
          "min": undefined,
          "now": undefined,
          "text": undefined,
        }
      }
      accessible={true}
      collapsable={false}
      focusable={false}
      onClick={[Function]}
      onResponderGrant={[Function]}
      onResponderMove={[Function]}
      onResponderRelease={[Function]}
      onResponderTerminate={[Function]}
      onResponderTerminationRequest={[Function]}
      onStartShouldSetResponder={[Function]}
      style={
        {
          "opacity": 1,
        }
      }
    >
      <Text
        style={
          {
            "backgroundColor": "#413C45",
            "borderRadius": 10,
            "color": "#F2F0F4",
            "marginBottom": 5,
            "marginTop": 35,
            "paddingBottom": 6,
            "paddingLeft": 45,
            "paddingRight": 45,
            "paddingTop": 6,
            "textAlign": "center",
          }
        }
      >
        Cadastre-se
      </Text>
    </View>
    <Text
      onPress={[Function]}
      style={
        {
          "fontSize": 10,
        }
      }
    >
      Ja possui conta? 
      <Text
        style={
          {
            "color": "#0057FF",
            "fontSize": 9,
          }
        }
      >
        Login
      </Text>
    </Text>
  </View>
</View>
`;
