// Jest Snapshot v1, https://goo.gl/fbAQLP

exports[`testando o componente de perfil 1`] = `
<View
  style={
    {
      "backgroundColor": "#413C45",
      "flex": 1,
    }
  }
>
  <View
    style={
      {
        "alignItems": "center",
        "backgroundColor": "transparent",
        "borderBottomColor": "#FFFFFF",
        "borderBottomWidth": 2,
        "flexDirection": "row",
        "height": 150,
        "justifyContent": "center",
        "position": "relative",
      }
    }
  >
    <Text
      style={
        {
          "bottom": 30,
          "color": "#fff",
          "fontSize": 40,
          "fontWeight": "bold",
          "left": 0,
          "position": "absolute",
          "right": 0,
          "textAlign": "center",
        }
      }
    >
      Spy Cam
    </Text>
    <View
      accessibilityState={
        {
          "busy": undefined,
          "checked": undefined,
          "disabled": undefined,
          "expanded": undefined,
          "selected": undefined,
        }
      }
      accessibilityValue={
        {
          "max": undefined,
          "min": undefined,
          "now": undefined,
          "text": undefined,
        }
      }
      accessible={true}
      collapsable={false}
      focusable={true}
      onClick={[Function]}
      onResponderGrant={[Function]}
      onResponderMove={[Function]}
      onResponderRelease={[Function]}
      onResponderTerminate={[Function]}
      onResponderTerminationRequest={[Function]}
      onStartShouldSetResponder={[Function]}
      style={
        {
          "opacity": 1,
        }
      }
    />
    <View
      collapsable={false}
      style={
        {
          "backgroundColor": "#fff",
          "borderRadius": 10,
          "padding": 20,
          "position": "absolute",
          "right": 0,
          "top": 120,
          "transform": [
            {
              "translateX": 300,
            },
          ],
        }
      }
    >
      <Text
        onPress={[Function]}
        style={
          {
            "color": "#000",
            "fontSize": 18,
            "marginBottom": 10,
          }
        }
      >
        Pagina inicial
      </Text>
      <Text
        onPress={[Function]}
        style={
          {
            "color": "#000",
            "fontSize": 18,
            "marginBottom": 10,
          }
        }
      >
        Notificacoes
      </Text>
      <Text
        style={
          {
            "color": "#000",
            "fontSize": 18,
            "marginBottom": 10,
          }
        }
      >
        Exemplo 3
      </Text>
      <Text
        style={
          {
            "color": "#000",
            "fontSize": 18,
            "marginBottom": 10,
          }
        }
      >
        Exemplo 4
      </Text>
    </View>
  </View>
  <View
    accessibilityState={
      {
        "busy": undefined,
        "checked": undefined,
        "disabled": undefined,
        "expanded": undefined,
        "selected": undefined,
      }
    }
    accessibilityValue={
      {
        "max": undefined,
        "min": undefined,
        "now": undefined,
        "text": undefined,
      }
    }
    accessible={true}
    collapsable={false}
    focusable={false}
    onClick={[Function]}
    onResponderGrant={[Function]}
    onResponderMove={[Function]}
    onResponderRelease={[Function]}
    onResponderTerminate={[Function]}
    onResponderTerminationRequest={[Function]}
    onStartShouldSetResponder={[Function]}
    style={
      {
        "backgroundColor": "#FFFFFF",
        "borderColor": "#413C45",
        "borderRadius": 45,
        "borderWidth": 1,
        "bottom": 30,
        "height": 90,
        "opacity": 1,
        "position": "absolute",
        "right": 20,
        "width": 90,
      }
    }
  />
  <Text
    style={
      {
        "color": "#fff",
        "fontSize": 28,
        "fontWeight": "bold",
        "marginVertical": 20,
        "textAlign": "center",
      }
    }
  >
    Perfil
  </Text>
  <View
    style={
      {
        "borderBottomColor": "#fff",
        "borderBottomWidth": 2,
        "marginHorizontal": 100,
        "marginVertical": -20,
      }
    }
  />
  <View
    style={
      {
        "backgroundColor": "#fff",
        "borderRadius": 10,
        "flex": 1,
        "margin": 40,
        "marginVertical": 60,
        "zIndex": -1,
      }
    }
  >
    <View
      style={
        {
          "backgroundColor": "#FFFFFF",
          "borderBottomLeftRadius": 20,
          "borderBottomRightRadius": 20,
          "borderTopLeftRadius": 20,
          "borderTopRightRadius": 20,
          "flex": 1,
          "padding": 20,
        }
      }
    >
      <View
        accessibilityState={
          {
            "busy": undefined,
            "checked": undefined,
            "disabled": undefined,
            "expanded": undefined,
            "selected": undefined,
          }
        }
        accessibilityValue={
          {
            "max": undefined,
            "min": undefined,
            "now": undefined,
            "text": undefined,
          }
        }
        accessible={true}
        collapsable={false}
        focusable={false}
        onClick={[Function]}
        onResponderGrant={[Function]}
        onResponderMove={[Function]}
        onResponderRelease={[Function]}
        onResponderTerminate={[Function]}
        onResponderTerminationRequest={[Function]}
        onStartShouldSetResponder={[Function]}
        style={
          {
            "alignItems": "center",
            "justifyContent": "center",
            "opacity": 1,
          }
        }
      >
        <Image
          source={
            {
              "testUri": "../../../assets/iconrosto.png",
            }
          }
          style={
            {
              "height": 80,
              "width": 80,
            }
          }
        />
      </View>
      <Text
        style={
          {
            "color": "#413C45",
            "fontSize": 16,
            "textAlign": "center",
          }
        }
      >
        Maria
      </Text>
      <View
        style={
          {
            "borderBottomColor": "#413C45",
            "borderBottomWidth": 2,
            "marginHorizontal": 115,
            "marginVertical": 0,
          }
        }
      />
    </View>
  </View>
</View>
`;
